// Jest Snapshot v1, https://goo.gl/fbAQLP

exports[`renders without crashing 1`] = `
<div
  className="header-container"
>
  <img
    alt="logo"
    className="header-logo"
    src="application-logo.png"
  />
  <div
    className="header-text"
  >
    TASKS APPLICATION
  </div>
</div>
`;
